******************************************************************************
                     PRU Linker Unix v2.1.0                    
******************************************************************************
>> Linked Sun Mar  1 22:29:38 2015

OUTPUT FILE NAME:   <gen/pru.out>
ENTRY POINT SYMBOL: "_c_int00_noinit_noargs_noexit"  address: 00000000


MEMORY CONFIGURATION

         name            origin    length      used     unused   attr    fill
----------------------  --------  ---------  --------  --------  ----  --------
PAGE 0:
  PRUIMEM               00000000   00001000  000005bc  00000a44  RWIX

PAGE 1:
  PRUDMEM               00000000   00001000  00000110  00000ef0  RWIX


SECTION ALLOCATION MAP

 output                                  attributes/
section   page    origin      length       input sections
--------  ----  ----------  ----------   ----------------
.text:_c_int00* 
*          0    00000000    00000014     
                  00000000    00000014     rtspruv3_le.lib : boot_special.obj (.text:_c_int00_noinit_noargs_noexit)

.stack     1    00000000    00000100     UNINITIALIZED
                  00000000    00000004     rtspruv3_le.lib : boot.obj (.stack)
                  00000004    000000fc     --HOLE--

.data      1    00000100    00000010     
                  00000100    00000010     pru_main.obj (.data)

.cinit     1    00000000    00000000     UNINITIALIZED

.text      0    00000014    000005a8     
                  00000014    00000198     pru_main.obj (.text:rbuf_read_uint64)
                  000001ac    00000130     pru_main.obj (.text:rbuf_write_uint64)
                  000002dc    000000c0     pru_main.obj (.text:iep_get_time)
                  0000039c    000000bc     pru_main.obj (.text:main)
                  00000458    00000078     pru_main.obj (.text:check_input_pin)
                  000004d0    00000060     pru_main.obj (.text:init_iep_time)
                  00000530    0000003c     pru_main.obj (.text:init_rbuffer)
                  0000056c    0000001c     rtspruv3_le.lib : memset.obj (.text:memset)
                  00000588    00000018     pru_main.obj (.text:read_pin)
                  000005a0    0000000c     pru_main.obj (.text:terminate)
                  000005ac    00000008     rtspruv3_le.lib : exit.obj (.text:abort)
                  000005b4    00000008                     : exit.obj (.text:loader_exit)


SEGMENT ATTRIBUTES

    id tag      seg value
    -- ---      --- -----
     0 PHA_PAGE 1   1    
     1 PHA_PAGE 2   1    


GLOBAL SYMBOLS: SORTED ALPHABETICALLY BY Name 

page  address   name                         
----  -------   ----                         
0     000005b4  C$$EXIT                      
1     00000100  __TI_STACK_END               
abs   00000100  __TI_STACK_SIZE              
abs   ffffffff  __binit__                    
abs   ffffffff  __c_args__                   
0     00000000  _c_int00_noinit_noargs_noexit
1     00000000  _stack                       
0     000005ac  abort                        
abs   ffffffff  binit                        
0     00000458  check_input_pin              
0     000002dc  iep_get_time                 
0     000004d0  init_iep_time                
0     00000530  init_rbuffer                 
1     0000010c  input_high                   
0     0000039c  main                         
0     0000056c  memset                       
1     00000108  num_samples                  
0     00000014  rbuf_read_uint64             
0     000001ac  rbuf_write_uint64            
0     00000588  read_pin                     
0     000005a0  terminate                    


GLOBAL SYMBOLS: SORTED BY Symbol Address 

page  address   name                         
----  -------   ----                         
0     00000000  _c_int00_noinit_noargs_noexit
0     00000014  rbuf_read_uint64             
0     000001ac  rbuf_write_uint64            
0     000002dc  iep_get_time                 
0     0000039c  main                         
0     00000458  check_input_pin              
0     000004d0  init_iep_time                
0     00000530  init_rbuffer                 
0     0000056c  memset                       
0     00000588  read_pin                     
0     000005a0  terminate                    
0     000005ac  abort                        
0     000005b4  C$$EXIT                      
1     00000000  _stack                       
1     00000100  __TI_STACK_END               
1     00000108  num_samples                  
1     0000010c  input_high                   
abs   00000100  __TI_STACK_SIZE              
abs   ffffffff  __binit__                    
abs   ffffffff  __c_args__                   
abs   ffffffff  binit                        

[21 symbols]
