******************************************************************************
                     PRU Linker Unix v2.1.0                    
******************************************************************************
>> Linked Sun Mar  1 20:50:09 2015

OUTPUT FILE NAME:   <gen/pru.out>
ENTRY POINT SYMBOL: "_c_int00_noinit_noargs_noexit"  address: 00000000


MEMORY CONFIGURATION

         name            origin    length      used     unused   attr    fill
----------------------  --------  ---------  --------  --------  ----  --------
PAGE 0:
  PRUIMEM               00000000   00001000  0000052c  00000ad4  RWIX

PAGE 1:
  PRUDMEM               00000000   00001000  00000124  00000edc  RWIX


SECTION ALLOCATION MAP

 output                                  attributes/
section   page    origin      length       input sections
--------  ----  ----------  ----------   ----------------
.text:_c_int00* 
*          0    00000000    00000014     
                  00000000    00000014     rtspruv3_le.lib : boot_special.obj (.text:_c_int00_noinit_noargs_noexit)

.stack     1    00000000    00000100     UNINITIALIZED
                  00000000    00000004     rtspruv3_le.lib : boot.obj (.stack)
                  00000004    000000fc     --HOLE--

.bss       1    00000114    00000010     UNINITIALIZED
                  00000114    00000008     (.common:curTime)
                  0000011c    00000008     (.common:prevTime)

.data      1    00000100    00000014     
                  00000100    00000014     pru_main.obj (.data)

.cinit     1    00000000    00000000     UNINITIALIZED

.text      0    00000014    00000518     
                  00000014    000001f8     pru_main.obj (.text:main)
                  0000020c    00000198     pru_main.obj (.text:rbuf_read_uint64)
                  000003a4    000000c0     pru_main.obj (.text:iep_get_time)
                  00000464    00000060     pru_main.obj (.text:init_iep_time)
                  000004c4    00000024     pru_main.obj (.text:terminate)
                  000004e8    0000001c     pru_main.obj (.text:deassert_pin)
                  00000504    00000018     pru_main.obj (.text:assert_pin)
                  0000051c    00000008     rtspruv3_le.lib : exit.obj (.text:abort)
                  00000524    00000008                     : exit.obj (.text:loader_exit)


SEGMENT ATTRIBUTES

    id tag      seg value
    -- ---      --- -----
     0 PHA_PAGE 1   1    
     1 PHA_PAGE 2   1    


GLOBAL SYMBOLS: SORTED ALPHABETICALLY BY Name 

page  address   name                         
----  -------   ----                         
0     00000524  C$$EXIT                      
1     00000100  __TI_STACK_END               
abs   00000100  __TI_STACK_SIZE              
abs   ffffffff  __binit__                    
abs   ffffffff  __c_args__                   
0     00000000  _c_int00_noinit_noargs_noexit
1     00000000  _stack                       
0     0000051c  abort                        
0     00000504  assert_pin                   
abs   ffffffff  binit                        
1     00000114  curTime                      
0     000004e8  deassert_pin                 
1     00000110  first                        
0     000003a4  iep_get_time                 
0     00000464  init_iep_time                
0     00000014  main                         
1     00000108  offset_ns                    
1     0000011c  prevTime                     
0     0000020c  rbuf_read_uint64             
0     000004c4  terminate                    


GLOBAL SYMBOLS: SORTED BY Symbol Address 

page  address   name                         
----  -------   ----                         
0     00000000  _c_int00_noinit_noargs_noexit
0     00000014  main                         
0     0000020c  rbuf_read_uint64             
0     000003a4  iep_get_time                 
0     00000464  init_iep_time                
0     000004c4  terminate                    
0     000004e8  deassert_pin                 
0     00000504  assert_pin                   
0     0000051c  abort                        
0     00000524  C$$EXIT                      
1     00000000  _stack                       
1     00000100  __TI_STACK_END               
1     00000108  offset_ns                    
1     00000110  first                        
1     00000114  curTime                      
1     0000011c  prevTime                     
abs   00000100  __TI_STACK_SIZE              
abs   ffffffff  __binit__                    
abs   ffffffff  __c_args__                   
abs   ffffffff  binit                        

[20 symbols]
