******************************************************************************
                     PRU Linker Unix v2.1.0                    
******************************************************************************
>> Linked Sun Mar  1 21:04:27 2015

OUTPUT FILE NAME:   <gen/pru.out>
ENTRY POINT SYMBOL: "_c_int00_noinit_noargs_noexit"  address: 00000000


MEMORY CONFIGURATION

         name            origin    length      used     unused   attr    fill
----------------------  --------  ---------  --------  --------  ----  --------
PAGE 0:
  PRUIMEM               00000000   00001000  0000051c  00000ae4  RWIX

PAGE 1:
  PRUDMEM               00000000   00001000  0000011c  00000ee4  RWIX


SECTION ALLOCATION MAP

 output                                  attributes/
section   page    origin      length       input sections
--------  ----  ----------  ----------   ----------------
.text:_c_int00* 
*          0    00000000    00000014     
                  00000000    00000014     rtspruv3_le.lib : boot_special.obj (.text:_c_int00_noinit_noargs_noexit)

.stack     1    00000000    00000100     UNINITIALIZED
                  00000000    00000004     rtspruv3_le.lib : boot.obj (.stack)
                  00000004    000000fc     --HOLE--

.bss       1    00000100    00000010     UNINITIALIZED
                  00000100    00000008     (.common:curTime)
                  00000108    00000008     (.common:prevTime)

.data      1    00000110    0000000c     
                  00000110    0000000c     pru_main.obj (.data)

.cinit     1    00000000    00000000     UNINITIALIZED

.text      0    00000014    00000508     
                  00000014    000001e8     pru_main.obj (.text:main)
                  000001fc    00000198     pru_main.obj (.text:rbuf_read_uint64)
                  00000394    000000c0     pru_main.obj (.text:iep_get_time)
                  00000454    00000060     pru_main.obj (.text:init_iep_time)
                  000004b4    00000024     pru_main.obj (.text:terminate)
                  000004d8    0000001c     pru_main.obj (.text:deassert_pin)
                  000004f4    00000018     pru_main.obj (.text:assert_pin)
                  0000050c    00000008     rtspruv3_le.lib : exit.obj (.text:abort)
                  00000514    00000008                     : exit.obj (.text:loader_exit)


SEGMENT ATTRIBUTES

    id tag      seg value
    -- ---      --- -----
     0 PHA_PAGE 1   1    
     1 PHA_PAGE 2   1    


GLOBAL SYMBOLS: SORTED ALPHABETICALLY BY Name 

page  address   name                         
----  -------   ----                         
0     00000514  C$$EXIT                      
1     00000100  __TI_STACK_END               
abs   00000100  __TI_STACK_SIZE              
abs   ffffffff  __binit__                    
abs   ffffffff  __c_args__                   
0     00000000  _c_int00_noinit_noargs_noexit
1     00000000  _stack                       
0     0000050c  abort                        
0     000004f4  assert_pin                   
abs   ffffffff  binit                        
1     00000100  curTime                      
0     000004d8  deassert_pin                 
1     00000118  first                        
0     00000394  iep_get_time                 
0     00000454  init_iep_time                
0     00000014  main                         
1     00000108  prevTime                     
0     000001fc  rbuf_read_uint64             
0     000004b4  terminate                    


GLOBAL SYMBOLS: SORTED BY Symbol Address 

page  address   name                         
----  -------   ----                         
0     00000000  _c_int00_noinit_noargs_noexit
0     00000014  main                         
0     000001fc  rbuf_read_uint64             
0     00000394  iep_get_time                 
0     00000454  init_iep_time                
0     000004b4  terminate                    
0     000004d8  deassert_pin                 
0     000004f4  assert_pin                   
0     0000050c  abort                        
0     00000514  C$$EXIT                      
1     00000000  _stack                       
1     00000100  __TI_STACK_END               
1     00000100  curTime                      
1     00000108  prevTime                     
1     00000118  first                        
abs   00000100  __TI_STACK_SIZE              
abs   ffffffff  __binit__                    
abs   ffffffff  __c_args__                   
abs   ffffffff  binit                        

[19 symbols]
